[backblue.gif]
[fade.gif]
[index.html]
[lefebvrefamilyrecipes.com/index.html]
[lefebvrefamilyrecipes.com/blank.html]
[lefebvrefamilyrecipes.com/index2.html]
[lefebvrefamilyrecipes.com/index3.html]
[lefebvrefamilyrecipes.com/graphics/dark_blue_back.jpg]
[lefebvrefamilyrecipes.com/graphics/lefebvre_top.jpg]
[lefebvrefamilyrecipes.com/graphics/top_right.jpg]
[lefebvrefamilyrecipes.com/topBar.html]
[lefebvrefamilyrecipes.com/index4.html]
[lefebvrefamilyrecipes.com/graphics/bot_left.jpg]
[lefebvrefamilyrecipes.com/graphics/bot_right.jpg]
[lefebvrefamilyrecipes.com/bottomBar.html]
[lefebvrefamilyrecipes.com/graphics/light_blue_back.jpg]
[lefebvrefamilyrecipes.com/home.html]
[lefebvrefamilyrecipes.com/home2.html]
[lefebvrefamilyrecipes.com/home2_files/filelist.html]
[lefebvrefamilyrecipes.com/graphics/very_light_blue_back.jpg]
[lefebvrefamilyrecipes.com/graphics/table_top_left.jpg]
[lefebvrefamilyrecipes.com/graphics/recipes.jpg]
[lefebvrefamilyrecipes.com/graphics/table_top_right.jpg]
[lefebvrefamilyrecipes.com/graphics/dark_teal_back.jpg]
[lefebvrefamilyrecipes.com/graphics/desserts.jpg]
[lefebvrefamilyrecipes.com/menu.html]
[lefebvrefamilyrecipes.com/graphics/bullet.jpg]
[lefebvrefamilyrecipes.com/crabcake.html]
[lefebvrefamilyrecipes.com/artichoke.html]
[lefebvrefamilyrecipes.com/pix/chickensoup_small.jpg]
[lefebvrefamilyrecipes.com/chickensoup.html]
[lefebvrefamilyrecipes.com/clamsauce.html]
[lefebvrefamilyrecipes.com/crabdip.html]
[lefebvrefamilyrecipes.com/fishxmas.html]
[lefebvrefamilyrecipes.com/fretta.html]
[lefebvrefamilyrecipes.com/bread.html]
[lefebvrefamilyrecipes.com/pastachichita.html]
[lefebvrefamilyrecipes.com/pesto.html]
[lefebvrefamilyrecipes.com/stuffedpeppers.html]
[lefebvrefamilyrecipes.com/tunanoodle.html]
[lefebvrefamilyrecipes.com/vealsealappine.html]
[lefebvrefamilyrecipes.com/new rec/Anisette Cookies.doc]
[lefebvrefamilyrecipes.com/new rec/Baked Macaroni.doc]
[lefebvrefamilyrecipes.com/new rec/Beef Stroganoff.doc]
[lefebvrefamilyrecipes.com/new rec/Brea.doc]
[lefebvrefamilyrecipes.com/new rec/Broccoli and Cauliflower.doc]
[lefebvrefamilyrecipes.com/new rec/Chicken Catatoure.doc]
[lefebvrefamilyrecipes.com/new rec/Chicken Cordon Blue.doc]
[lefebvrefamilyrecipes.com/new rec/Chicken Divan.doc]
[lefebvrefamilyrecipes.com/new rec/Chicken Florentine.doc]
[lefebvrefamilyrecipes.com/new rec/Chicken Rolotine.doc]
[lefebvrefamilyrecipes.com/new rec/Corned Beef and Cabbage.doc]
[lefebvrefamilyrecipes.com/new rec/Ethel.doc]
[lefebvrefamilyrecipes.com/new rec/Meat Balls.doc]
[lefebvrefamilyrecipes.com/new rec/Pork Tenderloin Mustard Sauce.doc]
[lefebvrefamilyrecipes.com/new rec/Quiche Lorraine.doc]
[lefebvrefamilyrecipes.com/new rec/Spaghetti Puttanesca.doc]
[lefebvrefamilyrecipes.com/new rec/Spareribs.doc]
[lefebvrefamilyrecipes.com/new rec/String Beans.doc]
[lefebvrefamilyrecipes.com/new rec/Tomato Sauce.doc]
[lefebvrefamilyrecipes.com/new rec/Turkey Stuffing.doc]
[lefebvrefamilyrecipes.com/extra.html]
[lefebvrefamilyrecipes.com/applecake.html]
[lefebvrefamilyrecipes.com/anisette.html]
[lefebvrefamilyrecipes.com/butterball.html]
[lefebvrefamilyrecipes.com/cherrypie.html]
[lefebvrefamilyrecipes.com/pix/creampuff_small.jpg]
[lefebvrefamilyrecipes.com/creampuffs.html]
[lefebvrefamilyrecipes.com/cheesecake.html]
[lefebvrefamilyrecipes.com/pix/coffeecake_small.jpg]
[lefebvrefamilyrecipes.com/coffeecake.html]
[lefebvrefamilyrecipes.com/muffins.html]
[lefebvrefamilyrecipes.com/nucotelle.html]
[lefebvrefamilyrecipes.com/pancakes.html]
[lefebvrefamilyrecipes.com/pignolia.html]
[lefebvrefamilyrecipes.com/pineapple.html]
[lefebvrefamilyrecipes.com/pumpkinpie.html]
[lefebvrefamilyrecipes.com/pix/thimble_small.jpg]
[lefebvrefamilyrecipes.com/thimble.html]
[lefebvrefamilyrecipes.com/pix/chickensoup.jpg]
[lefebvrefamilyrecipes.com/chickensoup_pic.html]
[lefebvrefamilyrecipes.com/extra_files/filelist.html]
[lefebvrefamilyrecipes.com/new rec/Scallops%or%Crab%coquelle%st.%jacques.html]
[lefebvrefamilyrecipes.com/pix/creampuff.jpg]
[lefebvrefamilyrecipes.com/creampuffs_pic.html]
[lefebvrefamilyrecipes.com/pix/coffeecake.jpg]
[lefebvrefamilyrecipes.com/coffeecake_pic.html]
[lefebvrefamilyrecipes.com/pix/thimble.jpg]
[lefebvrefamilyrecipes.com/thimble_pic.html]
[lefebvrefamilyrecipes.com/pix/creampuff.jpg]
[lefebvrefamilyrecipes.com/pix/coffeecake.jpg]
